[  348066ms] [INFO] %cDownload the React DevTools for a better development experience: https://react.dev/link/react-devtools font-weight:bold @ http://localhost:3000/_next/static/chunks/1cbl_next_dist_06qa981._.js:776
[  348122ms] [LOG] [HMR] connected @ http://localhost:3000/_next/static/chunks/1cbl_next_dist_06qa981._.js:776
[  348502ms] [LOG] %c[Vercel Speed Insights]%c Debug mode is enabled by default in development. No requests will be sent to the server. color: rgb(120, 120, 120) color: inherit @ http://localhost:3000/_next/static/chunks/1cbl_next_dist_06qa981._.js:776
[ 1045160ms] [LOG] [Fast Refresh] rebuilding @ http://localhost:3000/_next/static/chunks/1cbl_next_dist_06qa981._.js:776
[ 1045466ms] [LOG] [Fast Refresh] done in 384ms @ http://localhost:3000/_next/static/chunks/1cbl_next_dist_06qa981._.js:776
[ 1045674ms] [LOG] [Fast Refresh] rebuilding @ http://localhost:3000/_next/static/chunks/1cbl_next_dist_06qa981._.js:776
[ 1045763ms] [LOG] [Fast Refresh] done in 188ms @ http://localhost:3000/_next/static/chunks/1cbl_next_dist_06qa981._.js:776
[ 1046238ms] Error: controls.start() should only be called after a component has mounted. Consider calling within a useEffect hook.
    at invariant (http://localhost:3000/_next/static/chunks/node_modules__pnpm_09brrnh._.js:3264:19)
    at Object.start (http://localhost:3000/_next/static/chunks/09-9_framer-motion_dist_es_1lrxih4._.js:59:247)
    at useContainingControlAnimation.useEffect.reset (http://localhost:3000/_next/static/chunks/_17io8-1._.js:1949:71)
    at useContainingControlAnimation.useEffect.handleFocusOut (http://localhost:3000/_next/static/chunks/_17io8-1._.js:1973:21)
    at removeChild (http://localhost:3000/_next/static/chunks/1cbl_next_dist_compiled_react-dom_0echfr0._.js:11753:24)
    at runWithFiberInDEV (http://localhost:3000/_next/static/chunks/1cbl_next_dist_compiled_react-dom_0echfr0._.js:761:74)
    at commitDeletionEffectsOnFiber (http://localhost:3000/_next/static/chunks/1cbl_next_dist_compiled_react-dom_0echfr0._.js:7897:21)
    at recursivelyTraverseDeletionEffects (http://localhost:3000/_next/static/chunks/1cbl_next_dist_compiled_react-dom_0echfr0._.js:7858:53)
    at commitDeletionEffectsOnFiber (http://localhost:3000/_next/static/chunks/1cbl_next_dist_compiled_react-dom_0echfr0._.js:7920:17)
    at recursivelyTraverseMutationEffects (http://localhost:3000/_next/static/chunks/1cbl_next_dist_compiled_react-dom_0echfr0._.js:8021:13)
    at commitMutationEffectsOnFiber (http://localhost:3000/_next/static/chunks/1cbl_next_dist_compiled_react-dom_0echfr0._.js:8116:17)
    at recursivelyTraverseMutationEffects (http://localhost:3000/_next/static/chunks/1cbl_next_dist_compiled_react-dom_0echfr0._.js:8031:106)
    at commitMutationEffectsOnFiber (http://localhost:3000/_next/static/chunks/1cbl_next_dist_compiled_react-dom_0echfr0._.js:8116:17)
    at recursivelyTraverseMutationEffects (http://localhost:3000/_next/static/chunks/1cbl_next_dist_compiled_react-dom_0echfr0._.js:8031:106)
    at commitMutationEffectsOnFiber (http://localhost:3000/_next/static/chunks/1cbl_next_dist_compiled_react-dom_0echfr0._.js:8116:17)
    at recursivelyTraverseMutationEffects (http://localhost:3000/_next/static/chunks/1cbl_next_dist_compiled_react-dom_0echfr0._.js:8031:106)
    at commitMutationEffectsOnFiber (http://localhost:3000/_next/static/chunks/1cbl_next_dist_compiled_react-dom_0echfr0._.js:8116:17)
    at recursivelyTraverseMutationEffects (http://localhost:3000/_next/static/chunks/1cbl_next_dist_compiled_react-dom_0echfr0._.js:8031:106)
    at commitMutationEffectsOnFiber (http://localhost:3000/_next/static/chunks/1cbl_next_dist_compiled_react-dom_0echfr0._.js:8116:17)
    at recursivelyTraverseMutationEffects (http://localhost:3000/_next/static/chunks/1cbl_next_dist_compiled_react-dom_0echfr0._.js:8031:106)
    at commitMutationEffectsOnFiber (http://localhost:3000/_next/static/chunks/1cbl_next_dist_compiled_react-dom_0echfr0._.js:8044:17)
    at recursivelyTraverseMutationEffects (http://localhost:3000/_next/static/chunks/1cbl_next_dist_compiled_react-dom_0echfr0._.js:8031:106)
    at commitMutationEffectsOnFiber (http://localhost:3000/_next/static/chunks/1cbl_next_dist_compiled_react-dom_0echfr0._.js:8233:17)
    at recursivelyTraverseMutationEffects (http://localhost:3000/_next/static/chunks/1cbl_next_dist_compiled_react-dom_0echfr0._.js:8031:106)
    at commitMutationEffectsOnFiber (http://localhost:3000/_next/static/chunks/1cbl_next_dist_compiled_react-dom_0echfr0._.js:8233:17)
    at recursivelyTraverseMutationEffects (http://localhost:3000/_next/static/chunks/1cbl_next_dist_compiled_react-dom_0echfr0._.js:8031:106)
    at commitMutationEffectsOnFiber (http://localhost:3000/_next/static/chunks/1cbl_next_dist_compiled_react-dom_0echfr0._.js:8044:17)
    at recursivelyTraverseMutationEffects (http://localhost:3000/_next/static/chunks/1cbl_next_dist_compiled_react-dom_0echfr0._.js:8031:106)
    at commitMutationEffectsOnFiber (http://localhost:3000/_next/static/chunks/1cbl_next_dist_compiled_react-dom_0echfr0._.js:8049:17)
    at recursivelyTraverseMutationEffects (http://localhost:3000/_next/static/chunks/1cbl_next_dist_compiled_react-dom_0echfr0._.js:8031:106)
    at commitMutationEffectsOnFiber (http://localhost:3000/_next/static/chunks/1cbl_next_dist_compiled_react-dom_0echfr0._.js:8044:17)
    at recursivelyTraverseMutationEffects (http://localhost:3000/_next/static/chunks/1cbl_next_dist_compiled_react-dom_0echfr0._.js:8031:106)
    at commitMutationEffectsOnFiber (http://localhost:3000/_next/static/chunks/1cbl_next_dist_compiled_react-dom_0echfr0._.js:8049:17)
    at recursivelyTraverseMutationEffects (http://localhost:3000/_next/static/chunks/1cbl_next_dist_compiled_react-dom_0echfr0._.js:8031:106)
    at commitMutationEffectsOnFiber (http://localhost:3000/_next/static/chunks/1cbl_next_dist_compiled_react-dom_0echfr0._.js:8044:17)
    at recursivelyTraverseMutationEffects (http://localhost:3000/_next/static/chunks/1cbl_next_dist_compiled_react-dom_0echfr0._.js:8031:106)
    at commitMutationEffectsOnFiber (http://localhost:3000/_next/static/chunks/1cbl_next_dist_compiled_react-dom_0echfr0._.js:8044:17)
    at recursivelyTraverseMutationEffects (http://localhost:3000/_next/static/chunks/1cbl_next_dist_compiled_react-dom_0echfr0._.js:8031:106)
    at commitMutationEffectsOnFiber (http://localhost:3000/_next/static/chunks/1cbl_next_dist_compiled_react-dom_0echfr0._.js:8044:17)
    at recursivelyTraverseMutationEffects (http://localhost:3000/_next/static/chunks/1cbl_next_dist_compiled_react-dom_0echfr0._.js:8031:106)
    at commitMutationEffectsOnFiber (http://localhost:3000/_next/static/chunks/1cbl_next_dist_compiled_react-dom_0echfr0._.js:8233:17)
    at recursivelyTraverseMutationEffects (http://localhost:3000/_next/static/chunks/1cbl_next_dist_compiled_react-dom_0echfr0._.js:8031:106)
    at commitMutationEffectsOnFiber (http://localhost:3000/_next/static/chunks/1cbl_next_dist_compiled_react-dom_0echfr0._.js:8044:17)
    at recursivelyTraverseMutationEffects (http://localhost:3000/_next/static/chunks/1cbl_next_dist_compiled_react-dom_0echfr0._.js:8031:106)
    at commitMutationEffectsOnFiber (http://localhost:3000/_next/static/chunks/1cbl_next_dist_compiled_react-dom_0echfr0._.js:8044:17)
    at recursivelyTraverseMutationEffects (http://localhost:3000/_next/static/chunks/1cbl_next_dist_compiled_react-dom_0echfr0._.js:8031:106)
    at commitMutationEffectsOnFiber (http://localhost:3000/_next/static/chunks/1cbl_next_dist_compiled_react-dom_0echfr0._.js:8044:17)
    at recursivelyTraverseMutationEffects (http://localhost:3000/_next/static/chunks/1cbl_next_dist_compiled_react-dom_0echfr0._.js:8031:106)
    at commitMutationEffectsOnFiber (http://localhost:3000/_next/static/chunks/1cbl_next_dist_compiled_react-dom_0echfr0._.js:8233:17)
    at recursivelyTraverseMutationEffects (http://localhost:3000/_next/static/chunks/1cbl_next_dist_compiled_react-dom_0echfr0._.js:8031:106)
[ 1046240ms] Error: controls.start() should only be called after a component has mounted. Consider calling within a useEffect hook.
    at invariant (http://localhost:3000/_next/static/chunks/node_modules__pnpm_09brrnh._.js:3264:19)
    at Object.start (http://localhost:3000/_next/static/chunks/09-9_framer-motion_dist_es_1lrxih4._.js:59:247)
    at useContainingControlAnimation.useEffect.reset (http://localhost:3000/_next/static/chunks/_17io8-1._.js:1949:71)
    at useContainingControlAnimation.useEffect.handleFocusOut (http://localhost:3000/_next/static/chunks/_17io8-1._.js:1973:21)
    at removeChild (http://localhost:3000/_next/static/chunks/1cbl_next_dist_compiled_react-dom_0echfr0._.js:11753:24)
    at runWithFiberInDEV (http://localhost:3000/_next/static/chunks/1cbl_next_dist_compiled_react-dom_0echfr0._.js:761:74)
    at commitDeletionEffectsOnFiber (http://localhost:3000/_next/static/chunks/1cbl_next_dist_compiled_react-dom_0echfr0._.js:7897:21)
    at recursivelyTraverseDeletionEffects (http://localhost:3000/_next/static/chunks/1cbl_next_dist_compiled_react-dom_0echfr0._.js:7858:53)
    at commitDeletionEffectsOnFiber (http://localhost:3000/_next/static/chunks/1cbl_next_dist_compiled_react-dom_0echfr0._.js:7920:17)
    at recursivelyTraverseMutationEffects (http://localhost:3000/_next/static/chunks/1cbl_next_dist_compiled_react-dom_0echfr0._.js:8021:13)
    at commitMutationEffectsOnFiber (http://localhost:3000/_next/static/chunks/1cbl_next_dist_compiled_react-dom_0echfr0._.js:8116:17)
    at recursivelyTraverseMutationEffects (http://localhost:3000/_next/static/chunks/1cbl_next_dist_compiled_react-dom_0echfr0._.js:8031:106)
    at commitMutationEffectsOnFiber (http://localhost:3000/_next/static/chunks/1cbl_next_dist_compiled_react-dom_0echfr0._.js:8116:17)
    at recursivelyTraverseMutationEffects (http://localhost:3000/_next/static/chunks/1cbl_next_dist_compiled_react-dom_0echfr0._.js:8031:106)
    at commitMutationEffectsOnFiber (http://localhost:3000/_next/static/chunks/1cbl_next_dist_compiled_react-dom_0echfr0._.js:8116:17)
    at recursivelyTraverseMutationEffects (http://localhost:3000/_next/static/chunks/1cbl_next_dist_compiled_react-dom_0echfr0._.js:8031:106)
    at commitMutationEffectsOnFiber (http://localhost:3000/_next/static/chunks/1cbl_next_dist_compiled_react-dom_0echfr0._.js:8116:17)
    at recursivelyTraverseMutationEffects (http://localhost:3000/_next/static/chunks/1cbl_next_dist_compiled_react-dom_0echfr0._.js:8031:106)
    at commitMutationEffectsOnFiber (http://localhost:3000/_next/static/chunks/1cbl_next_dist_compiled_react-dom_0echfr0._.js:8116:17)
    at recursivelyTraverseMutationEffects (http://localhost:3000/_next/static/chunks/1cbl_next_dist_compiled_react-dom_0echfr0._.js:8031:106)
    at commitMutationEffectsOnFiber (http://localhost:3000/_next/static/chunks/1cbl_next_dist_compiled_react-dom_0echfr0._.js:8044:17)
    at recursivelyTraverseMutationEffects (http://localhost:3000/_next/static/chunks/1cbl_next_dist_compiled_react-dom_0echfr0._.js:8031:106)
    at commitMutationEffectsOnFiber (http://localhost:3000/_next/static/chunks/1cbl_next_dist_compiled_react-dom_0echfr0._.js:8233:17)
    at recursivelyTraverseMutationEffects (http://localhost:3000/_next/static/chunks/1cbl_next_dist_compiled_react-dom_0echfr0._.js:8031:106)
    at commitMutationEffectsOnFiber (http://localhost:3000/_next/static/chunks/1cbl_next_dist_compiled_react-dom_0echfr0._.js:8233:17)
    at recursivelyTraverseMutationEffects (http://localhost:3000/_next/static/chunks/1cbl_next_dist_compiled_react-dom_0echfr0._.js:8031:106)
    at commitMutationEffectsOnFiber (http://localhost:3000/_next/static/chunks/1cbl_next_dist_compiled_react-dom_0echfr0._.js:8044:17)
    at recursivelyTraverseMutationEffects (http://localhost:3000/_next/static/chunks/1cbl_next_dist_compiled_react-dom_0echfr0._.js:8031:106)
    at commitMutationEffectsOnFiber (http://localhost:3000/_next/static/chunks/1cbl_next_dist_compiled_react-dom_0echfr0._.js:8049:17)
    at recursivelyTraverseMutationEffects (http://localhost:3000/_next/static/chunks/1cbl_next_dist_compiled_react-dom_0echfr0._.js:8031:106)
    at commitMutationEffectsOnFiber (http://localhost:3000/_next/static/chunks/1cbl_next_dist_compiled_react-dom_0echfr0._.js:8044:17)
    at recursivelyTraverseMutationEffects (http://localhost:3000/_next/static/chunks/1cbl_next_dist_compiled_react-dom_0echfr0._.js:8031:106)
    at commitMutationEffectsOnFiber (http://localhost:3000/_next/static/chunks/1cbl_next_dist_compiled_react-dom_0echfr0._.js:8049:17)
    at recursivelyTraverseMutationEffects (http://localhost:3000/_next/static/chunks/1cbl_next_dist_compiled_react-dom_0echfr0._.js:8031:106)
    at commitMutationEffectsOnFiber (http://localhost:3000/_next/static/chunks/1cbl_next_dist_compiled_react-dom_0echfr0._.js:8044:17)
    at recursivelyTraverseMutationEffects (http://localhost:3000/_next/static/chunks/1cbl_next_dist_compiled_react-dom_0echfr0._.js:8031:106)
    at commitMutationEffectsOnFiber (http://localhost:3000/_next/static/chunks/1cbl_next_dist_compiled_react-dom_0echfr0._.js:8044:17)
    at recursivelyTraverseMutationEffects (http://localhost:3000/_next/static/chunks/1cbl_next_dist_compiled_react-dom_0echfr0._.js:8031:106)
    at commitMutationEffectsOnFiber (http://localhost:3000/_next/static/chunks/1cbl_next_dist_compiled_react-dom_0echfr0._.js:8044:17)
    at recursivelyTraverseMutationEffects (http://localhost:3000/_next/static/chunks/1cbl_next_dist_compiled_react-dom_0echfr0._.js:8031:106)
    at commitMutationEffectsOnFiber (http://localhost:3000/_next/static/chunks/1cbl_next_dist_compiled_react-dom_0echfr0._.js:8233:17)
    at recursivelyTraverseMutationEffects (http://localhost:3000/_next/static/chunks/1cbl_next_dist_compiled_react-dom_0echfr0._.js:8031:106)
    at commitMutationEffectsOnFiber (http://localhost:3000/_next/static/chunks/1cbl_next_dist_compiled_react-dom_0echfr0._.js:8044:17)
    at recursivelyTraverseMutationEffects (http://localhost:3000/_next/static/chunks/1cbl_next_dist_compiled_react-dom_0echfr0._.js:8031:106)
    at commitMutationEffectsOnFiber (http://localhost:3000/_next/static/chunks/1cbl_next_dist_compiled_react-dom_0echfr0._.js:8044:17)
    at recursivelyTraverseMutationEffects (http://localhost:3000/_next/static/chunks/1cbl_next_dist_compiled_react-dom_0echfr0._.js:8031:106)
    at commitMutationEffectsOnFiber (http://localhost:3000/_next/static/chunks/1cbl_next_dist_compiled_react-dom_0echfr0._.js:8044:17)
    at recursivelyTraverseMutationEffects (http://localhost:3000/_next/static/chunks/1cbl_next_dist_compiled_react-dom_0echfr0._.js:8031:106)
    at commitMutationEffectsOnFiber (http://localhost:3000/_next/static/chunks/1cbl_next_dist_compiled_react-dom_0echfr0._.js:8233:17)
    at recursivelyTraverseMutationEffects (http://localhost:3000/_next/static/chunks/1cbl_next_dist_compiled_react-dom_0echfr0._.js:8031:106)
[ 1046240ms] Error: controls.start() should only be called after a component has mounted. Consider calling within a useEffect hook.
    at invariant (http://localhost:3000/_next/static/chunks/node_modules__pnpm_09brrnh._.js:3264:19)
    at Object.start (http://localhost:3000/_next/static/chunks/09-9_framer-motion_dist_es_1lrxih4._.js:59:247)
    at useContainingControlAnimation.useEffect.reset (http://localhost:3000/_next/static/chunks/_17io8-1._.js:1949:71)
    at useContainingControlAnimation.useEffect.handleFocusOut (http://localhost:3000/_next/static/chunks/_17io8-1._.js:1973:21)
    at removeChild (http://localhost:3000/_next/static/chunks/1cbl_next_dist_compiled_react-dom_0echfr0._.js:11753:24)
    at runWithFiberInDEV (http://localhost:3000/_next/static/chunks/1cbl_next_dist_compiled_react-dom_0echfr0._.js:761:74)
    at commitDeletionEffectsOnFiber (http://localhost:3000/_next/static/chunks/1cbl_next_dist_compiled_react-dom_0echfr0._.js:7897:21)
    at recursivelyTraverseDeletionEffects (http://localhost:3000/_next/static/chunks/1cbl_next_dist_compiled_react-dom_0echfr0._.js:7858:53)
    at commitDeletionEffectsOnFiber (http://localhost:3000/_next/static/chunks/1cbl_next_dist_compiled_react-dom_0echfr0._.js:7920:17)
    at recursivelyTraverseMutationEffects (http://localhost:3000/_next/static/chunks/1cbl_next_dist_compiled_react-dom_0echfr0._.js:8021:13)
    at commitMutationEffectsOnFiber (http://localhost:3000/_next/static/chunks/1cbl_next_dist_compiled_react-dom_0echfr0._.js:8116:17)
    at recursivelyTraverseMutationEffects (http://localhost:3000/_next/static/chunks/1cbl_next_dist_compiled_react-dom_0echfr0._.js:8031:106)
    at commitMutationEffectsOnFiber (http://localhost:3000/_next/static/chunks/1cbl_next_dist_compiled_react-dom_0echfr0._.js:8116:17)
    at recursivelyTraverseMutationEffects (http://localhost:3000/_next/static/chunks/1cbl_next_dist_compiled_react-dom_0echfr0._.js:8031:106)
    at commitMutationEffectsOnFiber (http://localhost:3000/_next/static/chunks/1cbl_next_dist_compiled_react-dom_0echfr0._.js:8116:17)
    at recursivelyTraverseMutationEffects (http://localhost:3000/_next/static/chunks/1cbl_next_dist_compiled_react-dom_0echfr0._.js:8031:106)
    at commitMutationEffectsOnFiber (http://localhost:3000/_next/static/chunks/1cbl_next_dist_compiled_react-dom_0echfr0._.js:8116:17)
    at recursivelyTraverseMutationEffects (http://localhost:3000/_next/static/chunks/1cbl_next_dist_compiled_react-dom_0echfr0._.js:8031:106)
    at commitMutationEffectsOnFiber (http://localhost:3000/_next/static/chunks/1cbl_next_dist_compiled_react-dom_0echfr0._.js:8116:17)
    at recursivelyTraverseMutationEffects (http://localhost:3000/_next/static/chunks/1cbl_next_dist_compiled_react-dom_0echfr0._.js:8031:106)
    at commitMutationEffectsOnFiber (http://localhost:3000/_next/static/chunks/1cbl_next_dist_compiled_react-dom_0echfr0._.js:8044:17)
    at recursivelyTraverseMutationEffects (http://localhost:3000/_next/static/chunks/1cbl_next_dist_compiled_react-dom_0echfr0._.js:8031:106)
    at commitMutationEffectsOnFiber (http://localhost:3000/_next/static/chunks/1cbl_next_dist_compiled_react-dom_0echfr0._.js:8233:17)
    at recursivelyTraverseMutationEffects (http://localhost:3000/_next/static/chunks/1cbl_next_dist_compiled_react-dom_0echfr0._.js:8031:106)
    at commitMutationEffectsOnFiber (http://localhost:3000/_next/static/chunks/1cbl_next_dist_compiled_react-dom_0echfr0._.js:8233:17)
    at recursivelyTraverseMutationEffects (http://localhost:3000/_next/static/chunks/1cbl_next_dist_compiled_react-dom_0echfr0._.js:8031:106)
    at commitMutationEffectsOnFiber (http://localhost:3000/_next/static/chunks/1cbl_next_dist_compiled_react-dom_0echfr0._.js:8044:17)
    at recursivelyTraverseMutationEffects (http://localhost:3000/_next/static/chunks/1cbl_next_dist_compiled_react-dom_0echfr0._.js:8031:106)
    at commitMutationEffectsOnFiber (http://localhost:3000/_next/static/chunks/1cbl_next_dist_compiled_react-dom_0echfr0._.js:8049:17)
    at recursivelyTraverseMutationEffects (http://localhost:3000/_next/static/chunks/1cbl_next_dist_compiled_react-dom_0echfr0._.js:8031:106)
    at commitMutationEffectsOnFiber (http://localhost:3000/_next/static/chunks/1cbl_next_dist_compiled_react-dom_0echfr0._.js:8044:17)
    at recursivelyTraverseMutationEffects (http://localhost:3000/_next/static/chunks/1cbl_next_dist_compiled_react-dom_0echfr0._.js:8031:106)
    at commitMutationEffectsOnFiber (http://localhost:3000/_next/static/chunks/1cbl_next_dist_compiled_react-dom_0echfr0._.js:8049:17)
    at recursivelyTraverseMutationEffects (http://localhost:3000/_next/static/chunks/1cbl_next_dist_compiled_react-dom_0echfr0._.js:8031:106)
    at commitMutationEffectsOnFiber (http://localhost:3000/_next/static/chunks/1cbl_next_dist_compiled_react-dom_0echfr0._.js:8044:17)
    at recursivelyTraverseMutationEffects (http://localhost:3000/_next/static/chunks/1cbl_next_dist_compiled_react-dom_0echfr0._.js:8031:106)
    at commitMutationEffectsOnFiber (http://localhost:3000/_next/static/chunks/1cbl_next_dist_compiled_react-dom_0echfr0._.js:8044:17)
    at recursivelyTraverseMutationEffects (http://localhost:3000/_next/static/chunks/1cbl_next_dist_compiled_react-dom_0echfr0._.js:8031:106)
    at commitMutationEffectsOnFiber (http://localhost:3000/_next/static/chunks/1cbl_next_dist_compiled_react-dom_0echfr0._.js:8044:17)
    at recursivelyTraverseMutationEffects (http://localhost:3000/_next/static/chunks/1cbl_next_dist_compiled_react-dom_0echfr0._.js:8031:106)
    at commitMutationEffectsOnFiber (http://localhost:3000/_next/static/chunks/1cbl_next_dist_compiled_react-dom_0echfr0._.js:8233:17)
    at recursivelyTraverseMutationEffects (http://localhost:3000/_next/static/chunks/1cbl_next_dist_compiled_react-dom_0echfr0._.js:8031:106)
    at commitMutationEffectsOnFiber (http://localhost:3000/_next/static/chunks/1cbl_next_dist_compiled_react-dom_0echfr0._.js:8044:17)
    at recursivelyTraverseMutationEffects (http://localhost:3000/_next/static/chunks/1cbl_next_dist_compiled_react-dom_0echfr0._.js:8031:106)
    at commitMutationEffectsOnFiber (http://localhost:3000/_next/static/chunks/1cbl_next_dist_compiled_react-dom_0echfr0._.js:8044:17)
    at recursivelyTraverseMutationEffects (http://localhost:3000/_next/static/chunks/1cbl_next_dist_compiled_react-dom_0echfr0._.js:8031:106)
    at commitMutationEffectsOnFiber (http://localhost:3000/_next/static/chunks/1cbl_next_dist_compiled_react-dom_0echfr0._.js:8044:17)
    at recursivelyTraverseMutationEffects (http://localhost:3000/_next/static/chunks/1cbl_next_dist_compiled_react-dom_0echfr0._.js:8031:106)
    at commitMutationEffectsOnFiber (http://localhost:3000/_next/static/chunks/1cbl_next_dist_compiled_react-dom_0echfr0._.js:8233:17)
    at recursivelyTraverseMutationEffects (http://localhost:3000/_next/static/chunks/1cbl_next_dist_compiled_react-dom_0echfr0._.js:8031:106)
[ 1046240ms] Error: controls.start() should only be called after a component has mounted. Consider calling within a useEffect hook.
    at invariant (http://localhost:3000/_next/static/chunks/node_modules__pnpm_09brrnh._.js:3264:19)
    at Object.start (http://localhost:3000/_next/static/chunks/09-9_framer-motion_dist_es_1lrxih4._.js:59:247)
    at useContainingControlAnimation.useEffect.reset (http://localhost:3000/_next/static/chunks/_17io8-1._.js:1949:71)
    at useContainingControlAnimation.useEffect.handleFocusOut (http://localhost:3000/_next/static/chunks/_17io8-1._.js:1973:21)
    at removeChild (http://localhost:3000/_next/static/chunks/1cbl_next_dist_compiled_react-dom_0echfr0._.js:11753:24)
    at runWithFiberInDEV (http://localhost:3000/_next/static/chunks/1cbl_next_dist_compiled_react-dom_0echfr0._.js:761:74)
    at commitDeletionEffectsOnFiber (http://localhost:3000/_next/static/chunks/1cbl_next_dist_compiled_react-dom_0echfr0._.js:7897:21)
    at recursivelyTraverseDeletionEffects (http://localhost:3000/_next/static/chunks/1cbl_next_dist_compiled_react-dom_0echfr0._.js:7858:53)
    at commitDeletionEffectsOnFiber (http://localhost:3000/_next/static/chunks/1cbl_next_dist_compiled_react-dom_0echfr0._.js:7920:17)
    at recursivelyTraverseMutationEffects (http://localhost:3000/_next/static/chunks/1cbl_next_dist_compiled_react-dom_0echfr0._.js:8021:13)
    at commitMutationEffectsOnFiber (http://localhost:3000/_next/static/chunks/1cbl_next_dist_compiled_react-dom_0echfr0._.js:8116:17)
    at recursivelyTraverseMutationEffects (http://localhost:3000/_next/static/chunks/1cbl_next_dist_compiled_react-dom_0echfr0._.js:8031:106)
    at commitMutationEffectsOnFiber (http://localhost:3000/_next/static/chunks/1cbl_next_dist_compiled_react-dom_0echfr0._.js:8116:17)
    at recursivelyTraverseMutationEffects (http://localhost:3000/_next/static/chunks/1cbl_next_dist_compiled_react-dom_0echfr0._.js:8031:106)
    at commitMutationEffectsOnFiber (http://localhost:3000/_next/static/chunks/1cbl_next_dist_compiled_react-dom_0echfr0._.js:8116:17)
    at recursivelyTraverseMutationEffects (http://localhost:3000/_next/static/chunks/1cbl_next_dist_compiled_react-dom_0echfr0._.js:8031:106)
    at commitMutationEffectsOnFiber (http://localhost:3000/_next/static/chunks/1cbl_next_dist_compiled_react-dom_0echfr0._.js:8116:17)
    at recursivelyTraverseMutationEffects (http://localhost:3000/_next/static/chunks/1cbl_next_dist_compiled_react-dom_0echfr0._.js:8031:106)
    at commitMutationEffectsOnFiber (http://localhost:3000/_next/static/chunks/1cbl_next_dist_compiled_react-dom_0echfr0._.js:8116:17)
    at recursivelyTraverseMutationEffects (http://localhost:3000/_next/static/chunks/1cbl_next_dist_compiled_react-dom_0echfr0._.js:8031:106)
    at commitMutationEffectsOnFiber (http://localhost:3000/_next/static/chunks/1cbl_next_dist_compiled_react-dom_0echfr0._.js:8044:17)
    at recursivelyTraverseMutationEffects (http://localhost:3000/_next/static/chunks/1cbl_next_dist_compiled_react-dom_0echfr0._.js:8031:106)
    at commitMutationEffectsOnFiber (http://localhost:3000/_next/static/chunks/1cbl_next_dist_compiled_react-dom_0echfr0._.js:8233:17)
    at recursivelyTraverseMutationEffects (http://localhost:3000/_next/static/chunks/1cbl_next_dist_compiled_react-dom_0echfr0._.js:8031:106)
    at commitMutationEffectsOnFiber (http://localhost:3000/_next/static/chunks/1cbl_next_dist_compiled_react-dom_0echfr0._.js:8233:17)
    at recursivelyTraverseMutationEffects (http://localhost:3000/_next/static/chunks/1cbl_next_dist_compiled_react-dom_0echfr0._.js:8031:106)
    at commitMutationEffectsOnFiber (http://localhost:3000/_next/static/chunks/1cbl_next_dist_compiled_react-dom_0echfr0._.js:8044:17)
    at recursivelyTraverseMutationEffects (http://localhost:3000/_next/static/chunks/1cbl_next_dist_compiled_react-dom_0echfr0._.js:8031:106)
    at commitMutationEffectsOnFiber (http://localhost:3000/_next/static/chunks/1cbl_next_dist_compiled_react-dom_0echfr0._.js:8049:17)
    at recursivelyTraverseMutationEffects (http://localhost:3000/_next/static/chunks/1cbl_next_dist_compiled_react-dom_0echfr0._.js:8031:106)
    at commitMutationEffectsOnFiber (http://localhost:3000/_next/static/chunks/1cbl_next_dist_compiled_react-dom_0echfr0._.js:8044:17)
    at recursivelyTraverseMutationEffects (http://localhost:3000/_next/static/chunks/1cbl_next_dist_compiled_react-dom_0echfr0._.js:8031:106)
    at commitMutationEffectsOnFiber (http://localhost:3000/_next/static/chunks/1cbl_next_dist_compiled_react-dom_0echfr0._.js:8049:17)
    at recursivelyTraverseMutationEffects (http://localhost:3000/_next/static/chunks/1cbl_next_dist_compiled_react-dom_0echfr0._.js:8031:106)
    at commitMutationEffectsOnFiber (http://localhost:3000/_next/static/chunks/1cbl_next_dist_compiled_react-dom_0echfr0._.js:8044:17)
    at recursivelyTraverseMutationEffects (http://localhost:3000/_next/static/chunks/1cbl_next_dist_compiled_react-dom_0echfr0._.js:8031:106)
    at commitMutationEffectsOnFiber (http://localhost:3000/_next/static/chunks/1cbl_next_dist_compiled_react-dom_0echfr0._.js:8044:17)
    at recursivelyTraverseMutationEffects (http://localhost:3000/_next/static/chunks/1cbl_next_dist_compiled_react-dom_0echfr0._.js:8031:106)
    at commitMutationEffectsOnFiber (http://localhost:3000/_next/static/chunks/1cbl_next_dist_compiled_react-dom_0echfr0._.js:8044:17)
    at recursivelyTraverseMutationEffects (http://localhost:3000/_next/static/chunks/1cbl_next_dist_compiled_react-dom_0echfr0._.js:8031:106)
    at commitMutationEffectsOnFiber (http://localhost:3000/_next/static/chunks/1cbl_next_dist_compiled_react-dom_0echfr0._.js:8233:17)
    at recursivelyTraverseMutationEffects (http://localhost:3000/_next/static/chunks/1cbl_next_dist_compiled_react-dom_0echfr0._.js:8031:106)
    at commitMutationEffectsOnFiber (http://localhost:3000/_next/static/chunks/1cbl_next_dist_compiled_react-dom_0echfr0._.js:8044:17)
    at recursivelyTraverseMutationEffects (http://localhost:3000/_next/static/chunks/1cbl_next_dist_compiled_react-dom_0echfr0._.js:8031:106)
    at commitMutationEffectsOnFiber (http://localhost:3000/_next/static/chunks/1cbl_next_dist_compiled_react-dom_0echfr0._.js:8044:17)
    at recursivelyTraverseMutationEffects (http://localhost:3000/_next/static/chunks/1cbl_next_dist_compiled_react-dom_0echfr0._.js:8031:106)
    at commitMutationEffectsOnFiber (http://localhost:3000/_next/static/chunks/1cbl_next_dist_compiled_react-dom_0echfr0._.js:8044:17)
    at recursivelyTraverseMutationEffects (http://localhost:3000/_next/static/chunks/1cbl_next_dist_compiled_react-dom_0echfr0._.js:8031:106)
    at commitMutationEffectsOnFiber (http://localhost:3000/_next/static/chunks/1cbl_next_dist_compiled_react-dom_0echfr0._.js:8233:17)
    at recursivelyTraverseMutationEffects (http://localhost:3000/_next/static/chunks/1cbl_next_dist_compiled_react-dom_0echfr0._.js:8031:106)
[ 1046229ms] [LOG] [Fast Refresh] rebuilding @ http://localhost:3000/_next/static/chunks/1cbl_next_dist_06qa981._.js:776
[ 1046472ms] [LOG] [Fast Refresh] done in 311ms @ http://localhost:3000/_next/static/chunks/1cbl_next_dist_06qa981._.js:776
[ 1046705ms] [LOG] [Fast Refresh] done in 311ms @ http://localhost:3000/_next/static/chunks/1cbl_next_dist_06qa981._.js:776
[ 1046849ms] [LOG] [Fast Refresh] done in 311ms @ http://localhost:3000/_next/static/chunks/1cbl_next_dist_06qa981._.js:776
[ 1051992ms] [LOG] [Fast Refresh] done in 311ms @ http://localhost:3000/_next/static/chunks/1cbl_next_dist_06qa981._.js:776
[ 1052575ms] [LOG] [Fast Refresh] done in 311ms @ http://localhost:3000/_next/static/chunks/1cbl_next_dist_06qa981._.js:776
[ 1052649ms] [LOG] [Fast Refresh] done in 311ms @ http://localhost:3000/_next/static/chunks/1cbl_next_dist_06qa981._.js:776
[ 1052978ms] [LOG] [Fast Refresh] done in 311ms @ http://localhost:3000/_next/static/chunks/1cbl_next_dist_06qa981._.js:776
[ 1053074ms] [LOG] [Fast Refresh] done in 311ms @ http://localhost:3000/_next/static/chunks/1cbl_next_dist_06qa981._.js:776
[ 1054365ms] [LOG] [Fast Refresh] done in 311ms @ http://localhost:3000/_next/static/chunks/1cbl_next_dist_06qa981._.js:776
[ 1054701ms] [LOG] [Fast Refresh] done in 311ms @ http://localhost:3000/_next/static/chunks/1cbl_next_dist_06qa981._.js:776
[ 1054853ms] [LOG] [Fast Refresh] done in 311ms @ http://localhost:3000/_next/static/chunks/1cbl_next_dist_06qa981._.js:776
[ 1056030ms] [LOG] [Fast Refresh] done in 311ms @ http://localhost:3000/_next/static/chunks/1cbl_next_dist_06qa981._.js:776
[ 1056441ms] [LOG] [Fast Refresh] done in 311ms @ http://localhost:3000/_next/static/chunks/1cbl_next_dist_06qa981._.js:776
[ 1056780ms] [LOG] [Fast Refresh] done in 311ms @ http://localhost:3000/_next/static/chunks/1cbl_next_dist_06qa981._.js:776
[ 1057210ms] [LOG] [Fast Refresh] done in 311ms @ http://localhost:3000/_next/static/chunks/1cbl_next_dist_06qa981._.js:776
[ 1058098ms] [LOG] [Fast Refresh] done in 311ms @ http://localhost:3000/_next/static/chunks/1cbl_next_dist_06qa981._.js:776
[ 1162832ms] [LOG] [Fast Refresh] done in 311ms @ http://localhost:3000/_next/static/chunks/1cbl_next_dist_06qa981._.js:776
[ 1163956ms] [LOG] [Fast Refresh] done in 311ms @ http://localhost:3000/_next/static/chunks/1cbl_next_dist_06qa981._.js:776
[ 1164142ms] [LOG] [Fast Refresh] done in 311ms @ http://localhost:3000/_next/static/chunks/1cbl_next_dist_06qa981._.js:776
[ 1164578ms] [LOG] [Fast Refresh] done in 311ms @ http://localhost:3000/_next/static/chunks/1cbl_next_dist_06qa981._.js:776
[ 1164975ms] [LOG] [Fast Refresh] done in 311ms @ http://localhost:3000/_next/static/chunks/1cbl_next_dist_06qa981._.js:776
[ 1165204ms] [LOG] [Fast Refresh] done in 311ms @ http://localhost:3000/_next/static/chunks/1cbl_next_dist_06qa981._.js:776
[ 1165574ms] [LOG] [Fast Refresh] done in 311ms @ http://localhost:3000/_next/static/chunks/1cbl_next_dist_06qa981._.js:776
[ 1166120ms] [LOG] [Fast Refresh] done in 311ms @ http://localhost:3000/_next/static/chunks/1cbl_next_dist_06qa981._.js:776
[ 1166195ms] [LOG] [Fast Refresh] done in 311ms @ http://localhost:3000/_next/static/chunks/1cbl_next_dist_06qa981._.js:776
[ 1166320ms] [LOG] [Fast Refresh] done in 311ms @ http://localhost:3000/_next/static/chunks/1cbl_next_dist_06qa981._.js:776
[ 1166421ms] [LOG] [Fast Refresh] done in 311ms @ http://localhost:3000/_next/static/chunks/1cbl_next_dist_06qa981._.js:776
[ 1166475ms] [LOG] [Fast Refresh] done in 311ms @ http://localhost:3000/_next/static/chunks/1cbl_next_dist_06qa981._.js:776
[ 1166544ms] [LOG] [Fast Refresh] done in 311ms @ http://localhost:3000/_next/static/chunks/1cbl_next_dist_06qa981._.js:776
[ 1166601ms] [LOG] [Fast Refresh] done in 311ms @ http://localhost:3000/_next/static/chunks/1cbl_next_dist_06qa981._.js:776
[ 1166673ms] [LOG] [Fast Refresh] done in 311ms @ http://localhost:3000/_next/static/chunks/1cbl_next_dist_06qa981._.js:776
[ 1166807ms] [LOG] [Fast Refresh] done in 311ms @ http://localhost:3000/_next/static/chunks/1cbl_next_dist_06qa981._.js:776
[ 1167025ms] [LOG] [Fast Refresh] done in 311ms @ http://localhost:3000/_next/static/chunks/1cbl_next_dist_06qa981._.js:776
[ 1167226ms] [LOG] [Fast Refresh] done in 311ms @ http://localhost:3000/_next/static/chunks/1cbl_next_dist_06qa981._.js:776
[ 1167737ms] [LOG] [Fast Refresh] done in 311ms @ http://localhost:3000/_next/static/chunks/1cbl_next_dist_06qa981._.js:776
[ 1174642ms] [LOG] [Fast Refresh] done in 311ms @ http://localhost:3000/_next/static/chunks/1cbl_next_dist_06qa981._.js:776
[ 1288323ms] [LOG] [Fast Refresh] done in 311ms @ http://localhost:3000/_next/static/chunks/1cbl_next_dist_06qa981._.js:776
[ 1399572ms] [LOG] [Fast Refresh] rebuilding @ http://localhost:3000/_next/static/chunks/1cbl_next_dist_06qa981._.js:776
[ 1399931ms] [LOG] [Fast Refresh] done in 403ms @ http://localhost:3000/_next/static/chunks/1cbl_next_dist_06qa981._.js:776
[ 1400032ms] [LOG] [Fast Refresh] done in 403ms @ http://localhost:3000/_next/static/chunks/1cbl_next_dist_06qa981._.js:776
[ 1441445ms] [LOG] [Fast Refresh] done in 403ms @ http://localhost:3000/_next/static/chunks/1cbl_next_dist_06qa981._.js:776
[ 1442049ms] [LOG] [Fast Refresh] done in 403ms @ http://localhost:3000/_next/static/chunks/1cbl_next_dist_06qa981._.js:776
[ 2212055ms] [LOG] [Fast Refresh] done in 403ms @ http://localhost:3000/_next/static/chunks/1cbl_next_dist_06qa981._.js:776
[ 2212350ms] [LOG] [Fast Refresh] done in 403ms @ http://localhost:3000/_next/static/chunks/1cbl_next_dist_06qa981._.js:776
[ 2212691ms] [LOG] [Fast Refresh] done in 403ms @ http://localhost:3000/_next/static/chunks/1cbl_next_dist_06qa981._.js:776
[ 2213046ms] [LOG] [Fast Refresh] done in 403ms @ http://localhost:3000/_next/static/chunks/1cbl_next_dist_06qa981._.js:776
[ 2213172ms] [LOG] [Fast Refresh] done in 403ms @ http://localhost:3000/_next/static/chunks/1cbl_next_dist_06qa981._.js:776
[ 2214296ms] [LOG] [Fast Refresh] done in 403ms @ http://localhost:3000/_next/static/chunks/1cbl_next_dist_06qa981._.js:776
[ 2214697ms] [LOG] [Fast Refresh] done in 403ms @ http://localhost:3000/_next/static/chunks/1cbl_next_dist_06qa981._.js:776
[ 2215108ms] [LOG] [Fast Refresh] done in 403ms @ http://localhost:3000/_next/static/chunks/1cbl_next_dist_06qa981._.js:776
[ 2344528ms] [LOG] [Fast Refresh] rebuilding @ http://localhost:3000/_next/static/chunks/1cbl_next_dist_06qa981._.js:776
[ 2344575ms] [LOG] [Fast Refresh] done in 63ms @ http://localhost:3000/_next/static/chunks/1cbl_next_dist_06qa981._.js:776
[ 2344624ms] [LOG] [Fast Refresh] done in 63ms @ http://localhost:3000/_next/static/chunks/1cbl_next_dist_06qa981._.js:776
[ 2344723ms] [LOG] [Fast Refresh] done in 63ms @ http://localhost:3000/_next/static/chunks/1cbl_next_dist_06qa981._.js:776
[ 2344777ms] [LOG] [Fast Refresh] done in 63ms @ http://localhost:3000/_next/static/chunks/1cbl_next_dist_06qa981._.js:776
[ 2426080ms] [LOG] [Fast Refresh] done in 63ms @ http://localhost:3000/_next/static/chunks/1cbl_next_dist_06qa981._.js:776
[ 2426496ms] [LOG] [Fast Refresh] done in 63ms @ http://localhost:3000/_next/static/chunks/1cbl_next_dist_06qa981._.js:776
[ 2448238ms] [LOG] [Fast Refresh] rebuilding @ http://localhost:3000/_next/static/chunks/1cbl_next_dist_06qa981._.js:776
[ 2448272ms] [LOG] [Fast Refresh] done in 29ms @ http://localhost:3000/_next/static/chunks/1cbl_next_dist_06qa981._.js:776
[ 2448335ms] [LOG] [Fast Refresh] done in 29ms @ http://localhost:3000/_next/static/chunks/1cbl_next_dist_06qa981._.js:776
[ 2448402ms] [LOG] [Fast Refresh] done in 29ms @ http://localhost:3000/_next/static/chunks/1cbl_next_dist_06qa981._.js:776
[ 2448576ms] [LOG] [Fast Refresh] done in 29ms @ http://localhost:3000/_next/static/chunks/1cbl_next_dist_06qa981._.js:776
[ 2602620ms] [LOG] [Fast Refresh] rebuilding @ http://localhost:3000/_next/static/chunks/1cbl_next_dist_06qa981._.js:776
[ 2602692ms] [LOG] [Fast Refresh] done in 141ms @ http://localhost:3000/_next/static/chunks/1cbl_next_dist_06qa981._.js:776
[ 2615108ms] [LOG] [Fast Refresh] done in 141ms @ http://localhost:3000/_next/static/chunks/1cbl_next_dist_06qa981._.js:776
[ 2615359ms] [LOG] [Fast Refresh] done in 141ms @ http://localhost:3000/_next/static/chunks/1cbl_next_dist_06qa981._.js:776
[ 2616561ms] [LOG] [Fast Refresh] rebuilding @ http://localhost:3000/_next/static/chunks/1cbl_next_dist_06qa981._.js:776
[ 2616591ms] [LOG] [Fast Refresh] done in 92ms @ http://localhost:3000/_next/static/chunks/1cbl_next_dist_06qa981._.js:776
[ 2622208ms] [LOG] [Fast Refresh] done in 92ms @ http://localhost:3000/_next/static/chunks/1cbl_next_dist_06qa981._.js:776
[ 2622269ms] [LOG] [Fast Refresh] done in 92ms @ http://localhost:3000/_next/static/chunks/1cbl_next_dist_06qa981._.js:776
[ 2622569ms] [LOG] [Fast Refresh] done in 92ms @ http://localhost:3000/_next/static/chunks/1cbl_next_dist_06qa981._.js:776
[ 2622616ms] [LOG] [Fast Refresh] done in 92ms @ http://localhost:3000/_next/static/chunks/1cbl_next_dist_06qa981._.js:776
[ 2622882ms] [LOG] [Fast Refresh] done in 92ms @ http://localhost:3000/_next/static/chunks/1cbl_next_dist_06qa981._.js:776
[ 2623403ms] [LOG] [Fast Refresh] done in 92ms @ http://localhost:3000/_next/static/chunks/1cbl_next_dist_06qa981._.js:776
[ 2623490ms] [LOG] [Fast Refresh] done in 92ms @ http://localhost:3000/_next/static/chunks/1cbl_next_dist_06qa981._.js:776
[ 2623986ms] [LOG] [Fast Refresh] done in 92ms @ http://localhost:3000/_next/static/chunks/1cbl_next_dist_06qa981._.js:776
[ 2625092ms] [LOG] [Fast Refresh] done in 92ms @ http://localhost:3000/_next/static/chunks/1cbl_next_dist_06qa981._.js:776
[ 2625183ms] [LOG] [Fast Refresh] done in 92ms @ http://localhost:3000/_next/static/chunks/1cbl_next_dist_06qa981._.js:776
[ 2626144ms] [LOG] [Fast Refresh] done in 92ms @ http://localhost:3000/_next/static/chunks/1cbl_next_dist_06qa981._.js:776
[ 2626905ms] [LOG] [Fast Refresh] done in 92ms @ http://localhost:3000/_next/static/chunks/1cbl_next_dist_06qa981._.js:776
[ 2627023ms] [LOG] [Fast Refresh] done in 92ms @ http://localhost:3000/_next/static/chunks/1cbl_next_dist_06qa981._.js:776
[ 2627204ms] [LOG] [Fast Refresh] done in 92ms @ http://localhost:3000/_next/static/chunks/1cbl_next_dist_06qa981._.js:776
[ 2627474ms] [LOG] [Fast Refresh] done in 92ms @ http://localhost:3000/_next/static/chunks/1cbl_next_dist_06qa981._.js:776
[ 2628841ms] [LOG] [Fast Refresh] done in 92ms @ http://localhost:3000/_next/static/chunks/1cbl_next_dist_06qa981._.js:776
[ 2629402ms] [LOG] [Fast Refresh] done in 92ms @ http://localhost:3000/_next/static/chunks/1cbl_next_dist_06qa981._.js:776
[ 2683763ms] [LOG] [Fast Refresh] done in 92ms @ http://localhost:3000/_next/static/chunks/1cbl_next_dist_06qa981._.js:776
[ 2683862ms] [LOG] [Fast Refresh] done in 92ms @ http://localhost:3000/_next/static/chunks/1cbl_next_dist_06qa981._.js:776
[ 2684214ms] [LOG] [Fast Refresh] done in 92ms @ http://localhost:3000/_next/static/chunks/1cbl_next_dist_06qa981._.js:776
[ 2685026ms] [LOG] [Fast Refresh] done in 92ms @ http://localhost:3000/_next/static/chunks/1cbl_next_dist_06qa981._.js:776
[ 2685139ms] [LOG] [Fast Refresh] done in 92ms @ http://localhost:3000/_next/static/chunks/1cbl_next_dist_06qa981._.js:776
[ 2685735ms] [LOG] [Fast Refresh] done in 92ms @ http://localhost:3000/_next/static/chunks/1cbl_next_dist_06qa981._.js:776
[ 2686513ms] [LOG] [Fast Refresh] done in 92ms @ http://localhost:3000/_next/static/chunks/1cbl_next_dist_06qa981._.js:776
[ 2686760ms] [LOG] [Fast Refresh] done in 92ms @ http://localhost:3000/_next/static/chunks/1cbl_next_dist_06qa981._.js:776
[ 2686922ms] [LOG] [Fast Refresh] done in 92ms @ http://localhost:3000/_next/static/chunks/1cbl_next_dist_06qa981._.js:776
[ 2687194ms] [LOG] [Fast Refresh] done in 92ms @ http://localhost:3000/_next/static/chunks/1cbl_next_dist_06qa981._.js:776
[ 2688255ms] [LOG] [Fast Refresh] done in 92ms @ http://localhost:3000/_next/static/chunks/1cbl_next_dist_06qa981._.js:776
[ 2689284ms] [LOG] [Fast Refresh] done in 92ms @ http://localhost:3000/_next/static/chunks/1cbl_next_dist_06qa981._.js:776
[ 2689349ms] [LOG] [Fast Refresh] done in 92ms @ http://localhost:3000/_next/static/chunks/1cbl_next_dist_06qa981._.js:776
[ 2689814ms] [LOG] [Fast Refresh] done in 92ms @ http://localhost:3000/_next/static/chunks/1cbl_next_dist_06qa981._.js:776
[ 2690598ms] [LOG] [Fast Refresh] done in 92ms @ http://localhost:3000/_next/static/chunks/1cbl_next_dist_06qa981._.js:776
[ 2710791ms] [LOG] [Fast Refresh] done in 92ms @ http://localhost:3000/_next/static/chunks/1cbl_next_dist_06qa981._.js:776
[ 2710831ms] [LOG] [Fast Refresh] done in 92ms @ http://localhost:3000/_next/static/chunks/1cbl_next_dist_06qa981._.js:776
[ 2711553ms] [LOG] [Fast Refresh] done in 92ms @ http://localhost:3000/_next/static/chunks/1cbl_next_dist_06qa981._.js:776
[ 2711975ms] [LOG] [Fast Refresh] done in 92ms @ http://localhost:3000/_next/static/chunks/1cbl_next_dist_06qa981._.js:776
[ 2713260ms] [LOG] [Fast Refresh] done in 92ms @ http://localhost:3000/_next/static/chunks/1cbl_next_dist_06qa981._.js:776
[ 2713663ms] [LOG] [Fast Refresh] done in 92ms @ http://localhost:3000/_next/static/chunks/1cbl_next_dist_06qa981._.js:776
[ 2714614ms] [LOG] [Fast Refresh] done in 92ms @ http://localhost:3000/_next/static/chunks/1cbl_next_dist_06qa981._.js:776
[ 2716326ms] [LOG] [Fast Refresh] done in 92ms @ http://localhost:3000/_next/static/chunks/1cbl_next_dist_06qa981._.js:776
[ 2716785ms] [LOG] [Fast Refresh] done in 92ms @ http://localhost:3000/_next/static/chunks/1cbl_next_dist_06qa981._.js:776
[ 2716906ms] [LOG] [Fast Refresh] done in 92ms @ http://localhost:3000/_next/static/chunks/1cbl_next_dist_06qa981._.js:776
[ 2717141ms] [LOG] [Fast Refresh] done in 92ms @ http://localhost:3000/_next/static/chunks/1cbl_next_dist_06qa981._.js:776
[ 2718554ms] [LOG] [Fast Refresh] done in 92ms @ http://localhost:3000/_next/static/chunks/1cbl_next_dist_06qa981._.js:776
[ 2719178ms] [LOG] [Fast Refresh] done in 92ms @ http://localhost:3000/_next/static/chunks/1cbl_next_dist_06qa981._.js:776
[ 2719439ms] [LOG] [Fast Refresh] done in 92ms @ http://localhost:3000/_next/static/chunks/1cbl_next_dist_06qa981._.js:776
[ 2720434ms] [LOG] [Fast Refresh] done in 92ms @ http://localhost:3000/_next/static/chunks/1cbl_next_dist_06qa981._.js:776
[ 2722334ms] [LOG] [Fast Refresh] done in 92ms @ http://localhost:3000/_next/static/chunks/1cbl_next_dist_06qa981._.js:776
[ 2724349ms] [LOG] [Fast Refresh] done in 92ms @ http://localhost:3000/_next/static/chunks/1cbl_next_dist_06qa981._.js:776
[ 2724715ms] [LOG] [Fast Refresh] done in 92ms @ http://localhost:3000/_next/static/chunks/1cbl_next_dist_06qa981._.js:776
[ 2743191ms] [LOG] [Fast Refresh] done in 92ms @ http://localhost:3000/_next/static/chunks/1cbl_next_dist_06qa981._.js:776
[ 2743287ms] [LOG] [Fast Refresh] done in 92ms @ http://localhost:3000/_next/static/chunks/1cbl_next_dist_06qa981._.js:776
[ 2743334ms] [LOG] [Fast Refresh] done in 92ms @ http://localhost:3000/_next/static/chunks/1cbl_next_dist_06qa981._.js:776
[ 2743680ms] [LOG] [Fast Refresh] done in 92ms @ http://localhost:3000/_next/static/chunks/1cbl_next_dist_06qa981._.js:776
[ 2743791ms] [LOG] [Fast Refresh] done in 92ms @ http://localhost:3000/_next/static/chunks/1cbl_next_dist_06qa981._.js:776
[ 2743827ms] [LOG] [Fast Refresh] done in 92ms @ http://localhost:3000/_next/static/chunks/1cbl_next_dist_06qa981._.js:776
[ 2744159ms] [LOG] [Fast Refresh] done in 92ms @ http://localhost:3000/_next/static/chunks/1cbl_next_dist_06qa981._.js:776
[ 2744566ms] [LOG] [Fast Refresh] done in 92ms @ http://localhost:3000/_next/static/chunks/1cbl_next_dist_06qa981._.js:776
[ 2744963ms] [LOG] [Fast Refresh] done in 92ms @ http://localhost:3000/_next/static/chunks/1cbl_next_dist_06qa981._.js:776
[ 2746005ms] [LOG] [Fast Refresh] done in 92ms @ http://localhost:3000/_next/static/chunks/1cbl_next_dist_06qa981._.js:776
[ 2746048ms] [LOG] [Fast Refresh] done in 92ms @ http://localhost:3000/_next/static/chunks/1cbl_next_dist_06qa981._.js:776
[ 2746105ms] [LOG] [Fast Refresh] done in 92ms @ http://localhost:3000/_next/static/chunks/1cbl_next_dist_06qa981._.js:776
[ 2746262ms] [LOG] [Fast Refresh] done in 92ms @ http://localhost:3000/_next/static/chunks/1cbl_next_dist_06qa981._.js:776
[ 2746970ms] [LOG] [Fast Refresh] done in 92ms @ http://localhost:3000/_next/static/chunks/1cbl_next_dist_06qa981._.js:776
[ 2747054ms] [LOG] [Fast Refresh] done in 92ms @ http://localhost:3000/_next/static/chunks/1cbl_next_dist_06qa981._.js:776
[ 2747760ms] [LOG] [Fast Refresh] done in 92ms @ http://localhost:3000/_next/static/chunks/1cbl_next_dist_06qa981._.js:776
[ 2786810ms] [LOG] [Fast Refresh] done in 92ms @ http://localhost:3000/_next/static/chunks/1cbl_next_dist_06qa981._.js:776
[ 2786869ms] [LOG] [Fast Refresh] done in 92ms @ http://localhost:3000/_next/static/chunks/1cbl_next_dist_06qa981._.js:776
[ 2786904ms] [LOG] [Fast Refresh] done in 92ms @ http://localhost:3000/_next/static/chunks/1cbl_next_dist_06qa981._.js:776
[ 2787144ms] [LOG] [Fast Refresh] done in 92ms @ http://localhost:3000/_next/static/chunks/1cbl_next_dist_06qa981._.js:776
[ 2787436ms] [LOG] [Fast Refresh] done in 92ms @ http://localhost:3000/_next/static/chunks/1cbl_next_dist_06qa981._.js:776
[ 2787787ms] [LOG] [Fast Refresh] done in 92ms @ http://localhost:3000/_next/static/chunks/1cbl_next_dist_06qa981._.js:776
[ 2787833ms] [LOG] [Fast Refresh] done in 92ms @ http://localhost:3000/_next/static/chunks/1cbl_next_dist_06qa981._.js:776
[ 2788220ms] [LOG] [Fast Refresh] done in 92ms @ http://localhost:3000/_next/static/chunks/1cbl_next_dist_06qa981._.js:776
[ 2788877ms] [LOG] [Fast Refresh] done in 92ms @ http://localhost:3000/_next/static/chunks/1cbl_next_dist_06qa981._.js:776
[ 2789472ms] [LOG] [Fast Refresh] done in 92ms @ http://localhost:3000/_next/static/chunks/1cbl_next_dist_06qa981._.js:776
[ 2789973ms] [LOG] [Fast Refresh] done in 92ms @ http://localhost:3000/_next/static/chunks/1cbl_next_dist_06qa981._.js:776
[ 2790077ms] [LOG] [Fast Refresh] done in 92ms @ http://localhost:3000/_next/static/chunks/1cbl_next_dist_06qa981._.js:776
[ 2790128ms] [LOG] [Fast Refresh] done in 92ms @ http://localhost:3000/_next/static/chunks/1cbl_next_dist_06qa981._.js:776
[ 2790354ms] [LOG] [Fast Refresh] done in 92ms @ http://localhost:3000/_next/static/chunks/1cbl_next_dist_06qa981._.js:776
[ 2790815ms] [LOG] [Fast Refresh] done in 92ms @ http://localhost:3000/_next/static/chunks/1cbl_next_dist_06qa981._.js:776
[ 2801479ms] [LOG] [Fast Refresh] done in 92ms @ http://localhost:3000/_next/static/chunks/1cbl_next_dist_06qa981._.js:776
[ 2801964ms] [LOG] [Fast Refresh] done in 92ms @ http://localhost:3000/_next/static/chunks/1cbl_next_dist_06qa981._.js:776
[ 2835096ms] [LOG] [Fast Refresh] done in 92ms @ http://localhost:3000/_next/static/chunks/1cbl_next_dist_06qa981._.js:776
[ 2835191ms] [LOG] [Fast Refresh] done in 92ms @ http://localhost:3000/_next/static/chunks/1cbl_next_dist_06qa981._.js:776
[ 2835528ms] [LOG] [Fast Refresh] done in 92ms @ http://localhost:3000/_next/static/chunks/1cbl_next_dist_06qa981._.js:776
[ 2835580ms] [LOG] [Fast Refresh] done in 92ms @ http://localhost:3000/_next/static/chunks/1cbl_next_dist_06qa981._.js:776
[ 2835893ms] [LOG] [Fast Refresh] done in 92ms @ http://localhost:3000/_next/static/chunks/1cbl_next_dist_06qa981._.js:776
[ 2836197ms] [LOG] [Fast Refresh] done in 92ms @ http://localhost:3000/_next/static/chunks/1cbl_next_dist_06qa981._.js:776
[ 2836344ms] [LOG] [Fast Refresh] done in 92ms @ http://localhost:3000/_next/static/chunks/1cbl_next_dist_06qa981._.js:776
[ 2836504ms] [LOG] [Fast Refresh] done in 92ms @ http://localhost:3000/_next/static/chunks/1cbl_next_dist_06qa981._.js:776
[ 2836847ms] [LOG] [Fast Refresh] done in 92ms @ http://localhost:3000/_next/static/chunks/1cbl_next_dist_06qa981._.js:776
[ 2837329ms] [LOG] [Fast Refresh] done in 92ms @ http://localhost:3000/_next/static/chunks/1cbl_next_dist_06qa981._.js:776
[ 2837413ms] [LOG] [Fast Refresh] done in 92ms @ http://localhost:3000/_next/static/chunks/1cbl_next_dist_06qa981._.js:776
[ 2837584ms] [LOG] [Fast Refresh] done in 92ms @ http://localhost:3000/_next/static/chunks/1cbl_next_dist_06qa981._.js:776
[ 2837629ms] [LOG] [Fast Refresh] done in 92ms @ http://localhost:3000/_next/static/chunks/1cbl_next_dist_06qa981._.js:776
[ 2838885ms] [LOG] [Fast Refresh] done in 92ms @ http://localhost:3000/_next/static/chunks/1cbl_next_dist_06qa981._.js:776
[ 2841026ms] [LOG] [Fast Refresh] done in 92ms @ http://localhost:3000/_next/static/chunks/1cbl_next_dist_06qa981._.js:776
